// Jest Snapshot v1, https://goo.gl/fbAQLP

exports[`Render without crash 1`] = `ShallowWrapper {}`;
